src/components/HealthRecordForm.tsx(115,41): error TS2322: Type '{ bucket: string; onUpload: (url: string) => void; existingUrl: string | undefined; }' is not assignable to type 'IntrinsicAttributes & ImageUploadProps'.
  Property 'existingUrl' does not exist on type 'IntrinsicAttributes & ImageUploadProps'.
src/pages/AkitaDetail.tsx(2,20): error TS2304: Cannot find name 'useParams'.
src/pages/AkitaDetail.tsx(3,67): error TS2304: Cannot find name 'useStore'.
src/pages/AkitaDetail.tsx(4,39): error TS2304: Cannot find name 'useState'.
src/pages/AkitaDetail.tsx(7,45): error TS2304: Cannot find name 'useState'.
src/pages/AkitaDetail.tsx(8,51): error TS2304: Cannot find name 'useState'.
src/pages/AkitaDetail.tsx(11,49): error TS2304: Cannot find name 'useState'.
src/pages/AkitaDetail.tsx(12,49): error TS2304: Cannot find name 'useState'.
src/pages/AkitaDetail.tsx(13,59): error TS2304: Cannot find name 'useState'.
src/pages/AkitaDetail.tsx(16,45): error TS2304: Cannot find name 'useState'.
src/pages/AkitaDetail.tsx(17,47): error TS2304: Cannot find name 'useState'.
src/pages/AkitaDetail.tsx(20,51): error TS2304: Cannot find name 'useState'.
src/pages/AkitaDetail.tsx(21,37): error TS2304: Cannot find name 'useState'.
src/pages/AkitaDetail.tsx(31,65): error TS2304: Cannot find name 'useState'.
src/pages/AkitaDetail.tsx(32,45): error TS2304: Cannot find name 'useState'.
src/pages/AkitaDetail.tsx(33,45): error TS2304: Cannot find name 'useState'.
src/pages/AkitaDetail.tsx(43,29): error TS7006: Parameter 'd' implicitly has an 'any' type.
src/pages/AkitaDetail.tsx(44,30): error TS7006: Parameter 'u' implicitly has an 'any' type.
src/pages/AkitaDetail.tsx(51,5): error TS2304: Cannot find name 'useEffect'.
src/pages/AkitaDetail.tsx(54,13): error TS2304: Cannot find name 'akitaApi'.
src/pages/AkitaDetail.tsx(55,23): error TS7006: Parameter 'data' implicitly has an 'any' type.
src/pages/AkitaDetail.tsx(56,24): error TS7006: Parameter 'err' implicitly has an 'any' type.
src/pages/AkitaDetail.tsx(109,78): error TS7006: Parameter 't' implicitly has an 'any' type.
src/pages/AkitaDetail.tsx(158,23): error TS2304: Cannot find name 'healthApi'.
src/pages/AkitaDetail.tsx(160,23): error TS2304: Cannot find name 'healthApi'.
src/pages/AkitaDetail.tsx(163,35): error TS2304: Cannot find name 'akitaApi'.
src/pages/AkitaDetail.tsx(175,19): error TS2304: Cannot find name 'healthApi'.
src/pages/AkitaDetail.tsx(177,35): error TS2304: Cannot find name 'akitaApi'.
src/pages/AkitaDetail.tsx(185,11): error TS6133: 'PedigreeNode' is declared but its value is never read.
src/pages/AkitaDetail.tsx(186,35): error TS7006: Parameter 'd' implicitly has an 'any' type.
src/pages/AkitaDetail.tsx(193,32): error TS2304: Cannot find name 'clsx'.
src/pages/AkitaDetail.tsx(201,26): error TS2304: Cannot find name 'Plus'.
src/pages/AkitaDetail.tsx(209,14): error TS2304: Cannot find name 'Link'.
src/pages/AkitaDetail.tsx(209,57): error TS2304: Cannot find name 'clsx'.
src/pages/AkitaDetail.tsx(219,37): error TS2304: Cannot find name 'clsx'.
src/pages/AkitaDetail.tsx(220,39): error TS2304: Cannot find name 'clsx'.
src/pages/AkitaDetail.tsx(228,15): error TS2304: Cannot find name 'Link'.
src/pages/AkitaDetail.tsx(234,14): error TS2304: Cannot find name 'Lightbox'.
src/pages/AkitaDetail.tsx(253,42): error TS2304: Cannot find name 'X'.
src/pages/AkitaDetail.tsx(315,42): error TS2304: Cannot find name 'X'.
src/pages/AkitaDetail.tsx(371,45): error TS7006: Parameter 'title' implicitly has an 'any' type.
src/pages/AkitaDetail.tsx(385,26): error TS2304: Cannot find name 'Link'.
src/pages/AkitaDetail.tsx(390,27): error TS2304: Cannot find name 'Link'.
src/pages/AkitaDetail.tsx(400,30): error TS2304: Cannot find name 'Share2'.
src/pages/AkitaDetail.tsx(408,34): error TS2304: Cannot find name 'Edit'.
src/pages/AkitaDetail.tsx(422,44): error TS2304: Cannot find name 'clsx'.
src/pages/AkitaDetail.tsx(480,42): error TS2304: Cannot find name 'Upload'.
src/pages/AkitaDetail.tsx(506,34): error TS2304: Cannot find name 'PedigreeTree'.
src/pages/AkitaDetail.tsx(527,38): error TS2304: Cannot find name 'Plus'.
src/pages/AkitaDetail.tsx(534,26): error TS2304: Cannot find name 'HealthRecordForm'.
src/pages/AkitaDetail.tsx(565,61): error TS7006: Parameter 'record' implicitly has an 'any' type.
src/pages/AkitaDetail.tsx(565,69): error TS7006: Parameter 'idx' implicitly has an 'any' type.
src/pages/AkitaDetail.tsx(571,66): error TS2304: Cannot find name 'clsx'.
src/pages/AkitaDetail.tsx(598,58): error TS2304: Cannot find name 'Edit'.
src/pages/AkitaDetail.tsx(604,58): error TS2304: Cannot find name 'Trash2'.
src/pages/AkitaDetail.tsx(625,42): error TS7006: Parameter 'image' implicitly has an 'any' type.
src/pages/AkitaDetail.tsx(625,49): error TS7006: Parameter 'index' implicitly has an 'any' type.
