Logging in...
Login successful.
Creating Thread...
Thread created: 297351a9-6e69-44c6-a988-1850e5c51ed6
Replying to Thread...
Reply added: 42d70f28-0b70-41cf-98c9-ae5367b95027
Creating Feed Post...
Post created: 0236f853-d9e4-4def-8f81-172b53aeb8dc
Commenting on Post...
node : Comment Error: {
At line:1 char:1
+ node testForum.js > test_output.txt 2>&1
+ ~~~~~~~~~~~~~~~~~~~~~~~~~~~~~~~~~~~~~~~~
    + CategoryInfo          : NotSpecified: ( 
   Comment Error: {:String) [], RemoteExcept  
  ion
    + FullyQualifiedErrorId : NativeCommandEr 
   ror
 
  "error": "Could not embed because more than 
one relationship was found for 'comments' and 
'profiles'"
}
Γ¥î Error: Error: Failed to comment: Could 
not embed because more than one relationship 
was found for 'comments' and 'profiles'
    at testForum (file:///C:/Users/missm/AG%20
agent%20workspace/akita%20connect/testForum.js
:98:19)
    at process.processTicksAndRejections 
(node:internal/process/task_queues:105:5)
